// Jest Snapshot v1, https://goo.gl/fbAQLP

exports[`BackButton page => BackButton should render correctly 1`] = `
<Image
  source={1}
  style={
    Object {
      "height": 11,
      "marginLeft": 25,
      "width": 20,
    }
  }
/>
`;
