// Jest Snapshot v1, https://goo.gl/fbAQLP

exports[`CardMovie => CardMovie should render correctly 1`] = `
<View
  style={
    Object {
      "marginRight": 20,
    }
  }
>
  <View
    accessible={true}
    focusable={true}
    isTVSelectable={true}
    onClick={[Function]}
    onResponderGrant={[Function]}
    onResponderMove={[Function]}
    onResponderRelease={[Function]}
    onResponderTerminate={[Function]}
    onResponderTerminationRequest={[Function]}
    onStartShouldSetResponder={[Function]}
    style={
      Object {
        "opacity": 1,
      }
    }
    testID="card-press"
  >
    <Image
      source={
        Object {
          "uri": "https://m.media-amazon.com/images/M/MV5BMTE0YWFmOTMtYTU2ZS00ZTIxLWE3OTEtYTNiYzBkZjViZThiXkEyXkFqcGdeQXVyODMzMzQ4OTI@._V1_SX300.jpg",
        }
      }
      style={
        Object {
          "height": 340,
          "width": 230,
        }
      }
    />
  </View>
  <View
    style={
      Object {
        "marginTop": 10,
        "overflow": "hidden",
        "width": 210,
      }
    }
  >
    <Text
      numberOfLines={1}
      style={
        Object {
          "color": "#fff",
          "fontFamily": "Montserrat",
          "fontSize": 16,
          "lineHeight": 16,
          "textAlign": "left",
        }
      }
    >
      Captain Marvel Captain Marvel Captain Marvel
    </Text>
  </View>
  <View
    style={
      Object {
        "alignItems": "center",
        "flexDirection": "row",
        "justifyContent": "flex-start",
        "marginTop": 10,
      }
    }
  >
    <Text
      style={
        Object {
          "color": "#fff",
          "fontFamily": "Montserrat",
          "fontSize": 10,
          "lineHeight": 10,
          "textAlign": "left",
        }
      }
    >
      2019
    </Text>
    <Text
      style={
        Object {
          "color": "#fff",
          "fontFamily": "Montserrat",
          "fontSize": 10,
          "lineHeight": 10,
          "textAlign": "left",
        }
      }
    >
       - tt4154664
    </Text>
  </View>
</View>
`;
